<html>
<body>
<pre>
<h1>礦ision Build Log</h1>
<h2>Project:</h2>
E:\傻孩子-开源项目\test1a\test1a_proj\USER\test1a.uvproj
Project File Date:  08/13/2014

<h2>Output:</h2>
Build target 'Target 1'
assembling startup_stm32f10x_hd.s...
creating preprocessor file for main.c...
compiling main.c...
creating preprocessor file for stm32f10x_it.c...
compiling stm32f10x_it.c...
creating preprocessor file for system_stm32f10x.c...
compiling system_stm32f10x.c...
creating preprocessor file for sys.c...
compiling sys.c...
creating preprocessor file for key.c...
compiling key.c...
creating preprocessor file for led.c...
compiling led.c...
creating preprocessor file for usart.c...
compiling usart.c...
creating preprocessor file for misc.c...
compiling misc.c...
creating preprocessor file for stm32f10x_gpio.c...
compiling stm32f10x_gpio.c...
creating preprocessor file for stm32f10x_rcc.c...
compiling stm32f10x_rcc.c...
creating preprocessor file for stm32f10x_tim.c...
compiling stm32f10x_tim.c...
creating preprocessor file for stm32f10x_usart.c...
compiling stm32f10x_usart.c...
creating preprocessor file for core_cm3.c...
compiling core_cm3.c...
linking...
Program Size: Code=4276 RO-data=336 RW-data=52 ZI-data=1636  
FromELF: creating hex file...
"..\OBJ\test1a.axf" - 0 Error(s), 0 Warning(s).
Build target 'Target 1'
linking...
Program Size: Code=4276 RO-data=336 RW-data=52 ZI-data=1636  
FromELF: creating hex file...
"..\OBJ\test1a.axf" - 0 Error(s), 0 Warning(s).
